
> sports-center-manager@1.0.0 verify
> npm run check:conflicts && npm run typecheck && npm test && npm run build


> sports-center-manager@1.0.0 check:conflicts
> node scripts/check-conflicts.mjs

FE: no unresolved merge conflicts.

> sports-center-manager@1.0.0 typecheck
> tsc --noEmit --noUnusedLocals --noUnusedParameters


> sports-center-manager@1.0.0 test
> vitest run


 RUN  v4.1.11 C:/WDP/Sports-Center-Management-System/FE


 Test Files  9 passed (9)
      Tests  57 passed (57)
   Start at  11:55:29
   Duration  2.28s (transform 2.52s, setup 0ms, import 2.93s, tests 1.95s, environment 3ms)


> sports-center-manager@1.0.0 prebuild
> npm run check:conflicts


> sports-center-manager@1.0.0 check:conflicts
> node scripts/check-conflicts.mjs

FE: no unresolved merge conflicts.

> sports-center-manager@1.0.0 build
> tsc -b && vite build

vite v6.4.3 building for production...
transforming...
✓ 2269 modules transformed.
rendering chunks...
computing gzip size...
dist/index.html                               0.50 kB │ gzip:   0.35 kB
dist/assets/MembershipPage-Bo_nCCON.css       1.63 kB │ gzip:   0.68 kB
dist/assets/CoachLayout-CvXXABBQ.css          8.71 kB │ gzip:   2.06 kB
dist/assets/OperationsPage-CaWOnT4B.css      16.65 kB │ gzip:   4.05 kB
dist/assets/index-c0esoOtm.css              119.84 kB │ gzip:  24.53 kB
dist/assets/useDebouncedValue-Cj-B8Yxw.js     0.19 kB │ gzip:   0.17 kB
dist/assets/clock-3-ly1Bl1hi.js               0.35 kB │ gzip:   0.27 kB
dist/assets/membership.api-G8joP1Vb.js        0.41 kB │ gzip:   0.26 kB
dist/assets/map-pin-B3hAfFgh.js               0.42 kB │ gzip:   0.32 kB
dist/assets/circle-user-Db5_fgy-.js           0.42 kB │ gzip:   0.30 kB
dist/assets/calendar-iLJRakRs.js              0.43 kB │ gzip:   0.30 kB
dist/assets/book-open-BQejpt07.js             0.45 kB │ gzip:   0.31 kB
dist/assets/Placeholder-BHp06U-q.js           0.53 kB │ gzip:   0.36 kB
dist/assets/list-DBUXaIH8.js                  0.72 kB │ gzip:   0.33 kB
dist/assets/memberFormat-Dh7k3-8z.js          0.73 kB │ gzip:   0.44 kB
dist/assets/enrollments.api-DcYc8AD_.js       1.19 kB │ gzip:   0.65 kB
dist/assets/classes.api-DlLX5haD.js           1.36 kB │ gzip:   0.54 kB
dist/assets/AdminLayout-7EsezAQs.js           1.61 kB │ gzip:   0.91 kB
dist/assets/common-CSk6oStc.js                2.56 kB │ gzip:   1.19 kB
dist/assets/CancelSubscription-BOBolB_I.js    2.77 kB │ gzip:   1.38 kB
dist/assets/Attendance-p7K2HnIz.js            3.20 kB │ gzip:   1.61 kB
dist/assets/NotificationsPage-BA1EjJea.js     4.66 kB │ gzip:   2.10 kB
dist/assets/CoachFeedback-BH2Iku67.js         4.69 kB │ gzip:   1.89 kB
dist/assets/AttendancePage-CO1X3MIO.js        5.03 kB │ gzip:   2.05 kB
dist/assets/ReceptionLayout-iAlJhbPs.js       7.29 kB │ gzip:   2.74 kB
dist/assets/BrowseClassesPage-DJgj1gSi.js     8.18 kB │ gzip:   2.96 kB
dist/assets/SchedulePage-BAIoHmSB.js          8.39 kB │ gzip:   2.56 kB
dist/assets/UserLayout-CtKoRqv1.js            8.66 kB │ gzip:   3.58 kB
dist/assets/ProfilePage-CBxiB-vo.js          10.34 kB │ gzip:   2.90 kB
dist/assets/PaymentsPage-Cmm8Y6vY.js         11.06 kB │ gzip:   3.94 kB
dist/assets/MyClassesPage-M9GSZl16.js        12.31 kB │ gzip:   4.27 kB
dist/assets/Dashboard-Cymzz_0M.js            12.73 kB │ gzip:   4.54 kB
dist/assets/ManagerLayout-B2BfkyQ9.js        12.92 kB │ gzip:   4.62 kB
dist/assets/ClassDetailPage-BDdxpFM_.js      12.97 kB │ gzip:   4.42 kB
dist/assets/DashboardPage-DhKdYLI8.js        14.68 kB │ gzip:   3.84 kB
dist/assets/CoachLayout-BvlGrz3K.js          21.61 kB │ gzip:   7.32 kB
dist/assets/MembershipPage-fJ39Nut4.js       23.79 kB │ gzip:   7.24 kB
dist/assets/ActivityPlanner-CwiEYQmD.js      24.72 kB │ gzip:   8.08 kB
dist/assets/config-Dl6bwkRN.js               29.83 kB │ gzip:   9.54 kB
dist/assets/OperationsPage-BGhLTUlM.js      137.95 kB │ gzip:  43.79 kB
dist/assets/AIMarkdownRenderer-C5T8zSn1.js  157.55 kB │ gzip:  48.02 kB
dist/assets/index-C-2mSzOV.js               453.22 kB │ gzip: 132.29 kB
dist/assets/index-3D1EhZ5u.js               458.34 kB │ gzip: 118.44 kB
✓ built in 13.80s
